/share/dept_bbsr/Projects/Shaw_Timothy/3352_Splicing_Pipeline_2021/data/USP7_shRNA_A/JK_A2_1_ERCC_S26_L007_R1_001.fastq.gz
/share/dept_bbsr/Projects/Shaw_Timothy/3352_Splicing_Pipeline_2021/data/USP7_shRNA_A/JK_A2_1_ERCC_S26_L007_R2_001.fastq.gz
/share/dept_bbsr/Projects/Shaw_Timothy/3352_Splicing_Pipeline_2021/data/USP7_shRNA_A/JK_A2_2_RECC_S27_L007_R1_001.fastq.gz
/share/dept_bbsr/Projects/Shaw_Timothy/3352_Splicing_Pipeline_2021/data/USP7_shRNA_A/JK_A2_2_RECC_S27_L007_R2_001.fastq.gz
/share/dept_bbsr/Projects/Shaw_Timothy/3352_Splicing_Pipeline_2021/data/USP7_shRNA_A/JK_A2_3_ERCC_S28_L008_R1_001.fastq.gz
/share/dept_bbsr/Projects/Shaw_Timothy/3352_Splicing_Pipeline_2021/data/USP7_shRNA_A/JK_A2_3_ERCC_S28_L008_R2_001.fastq.gz
/share/dept_bbsr/Projects/Shaw_Timothy/3352_Splicing_Pipeline_2021/data/USP7_shRNA_A/JK_A2_4_ERCC_S29_L008_R1_001.fastq.gz
/share/dept_bbsr/Projects/Shaw_Timothy/3352_Splicing_Pipeline_2021/data/USP7_shRNA_A/JK_A2_4_ERCC_S29_L008_R2_001.fastq.gz
/share/dept_bbsr/Projects/Shaw_Timothy/3352_Splicing_Pipeline_2021/data/USP7_shRNA_A/JK_A2_5_ERCC_S30_L008_R1_001.fastq.gz
/share/dept_bbsr/Projects/Shaw_Timothy/3352_Splicing_Pipeline_2021/data/USP7_shRNA_A/JK_A2_5_ERCC_S30_L008_R2_001.fastq.gz
/share/dept_bbsr/Projects/Shaw_Timothy/3352_Splicing_Pipeline_2021/data/USP7_shRNA_A/JK_A2_6_ERCC_S31_L008_R1_001.fastq.gz
/share/dept_bbsr/Projects/Shaw_Timothy/3352_Splicing_Pipeline_2021/data/USP7_shRNA_A/JK_A2_6_ERCC_S31_L008_R2_001.fastq.gz
/share/dept_bbsr/Projects/Shaw_Timothy/3352_Splicing_Pipeline_2021/data/USP7_shRNA_A/JK_S1_2_ERCC_S22_L006_R1_001.fastq.gz
/share/dept_bbsr/Projects/Shaw_Timothy/3352_Splicing_Pipeline_2021/data/USP7_shRNA_A/JK_S1_2_ERCC_S22_L006_R2_001.fastq.gz
/share/dept_bbsr/Projects/Shaw_Timothy/3352_Splicing_Pipeline_2021/data/USP7_shRNA_A/JK_S1_3_ERCC_S23_L006_R1_001.fastq.gz
/share/dept_bbsr/Projects/Shaw_Timothy/3352_Splicing_Pipeline_2021/data/USP7_shRNA_A/JK_S1_3_ERCC_S23_L006_R2_001.fastq.gz
/share/dept_bbsr/Projects/Shaw_Timothy/3352_Splicing_Pipeline_2021/data/USP7_shRNA_A/JK_S2_2_ERCC_S24_L007_R1_001.fastq.gz
/share/dept_bbsr/Projects/Shaw_Timothy/3352_Splicing_Pipeline_2021/data/USP7_shRNA_A/JK_S2_2_ERCC_S24_L007_R2_001.fastq.gz
/share/dept_bbsr/Projects/Shaw_Timothy/3352_Splicing_Pipeline_2021/data/USP7_shRNA_A/JK_S2_3_ERCC_S25_L007_R1_001.fastq.gz
/share/dept_bbsr/Projects/Shaw_Timothy/3352_Splicing_Pipeline_2021/data/USP7_shRNA_A/JK_S2_3_ERCC_S25_L007_R2_001.fastq.gz
